
> data-elements-idaas@2.2.0 build
> tsc -b && vite build

vite v7.1.7 building for production...
transforming...
✓ 3203 modules transformed.
rendering chunks...
computing gzip size...
dist/index.html                              0.77 kB │ gzip:   0.48 kB
dist/assets/index-DBuYQozC.css              62.77 kB │ gzip:  12.59 kB
dist/assets/PublicEntities-61RrdQPJ.js       5.01 kB │ gzip:   2.12 kB
dist/assets/CatalogPage-BMAhrCvW.js          8.07 kB │ gzip:   3.09 kB
dist/assets/Synchronization-BOmeb1-0.js      8.75 kB │ gzip:   3.71 kB
dist/assets/Audit-DCKAPZni.js               10.14 kB │ gzip:   4.01 kB
dist/assets/Settings-Cw5vDMMv.js            11.77 kB │ gzip:   5.08 kB
dist/assets/Dashboard-DpbnjxZv.js           14.26 kB │ gzip:   5.52 kB
dist/assets/Authorization-CCOMl4gG.js       18.86 kB │ gzip:   6.85 kB
dist/assets/Organization-StBQPpDO.js        20.67 kB │ gzip:   7.97 kB
dist/assets/Applications-DfYecEfX.js        21.70 kB │ gzip:   7.15 kB
dist/assets/react-vendor-D6mqrJcJ.js        33.64 kB │ gzip:  12.46 kB
dist/assets/index-C8N6PO7N.js              107.71 kB │ gzip:  37.92 kB
dist/assets/antd-vendor-BfqlaQVv.js      1,399.88 kB │ gzip: 446.90 kB

(!) Some chunks are larger than 500 kB after minification. Consider:
- Using dynamic import() to code-split the application
- Use build.rollupOptions.output.manualChunks to improve chunking: https://rollupjs.org/configuration-options/#output-manualchunks
- Adjust chunk size limit for this warning via build.chunkSizeWarningLimit.
✓ built in 1m 13s
