
> knowledge-graph-center@0.1.0 build D:\Sourcecode\data-elements-parent\data-elements-qizhi
> node ./node_modules/typescript/bin/tsc -b && node ./node_modules/vite/bin/vite.js build

vite v7.3.6 building client environment for production...
transforming...
✓ 8259 modules transformed.
rendering chunks...
computing gzip size...
dist/index.html                                         0.38 kB │ gzip:   0.30 kB
dist/assets/WarehousePlanningPage-CaPSalrg.css         12.83 kB │ gzip:   3.12 kB
dist/assets/SearchCenterPages-CIGW-MKW.css             15.61 kB │ gzip:   6.46 kB
dist/assets/index-C0pEzzCQ.css                        175.12 kB │ gzip:  31.10 kB
dist/assets/index-CH2kDPKJ.js                           0.08 kB │ gzip:   0.09 kB
dist/assets/index-BRdxaJJR.js                           0.08 kB │ gzip:   0.09 kB
dist/assets/callSuper-CB7KCHW0.js                       0.17 kB │ gzip:   0.16 kB
dist/assets/brands-ZxNbcriw.js                          0.37 kB │ gzip:   0.34 kB
dist/assets/index-PeZeBTwW.js                           0.59 kB │ gzip:   0.46 kB
dist/assets/index-PvXpu5YP.js                           0.64 kB │ gzip:   0.51 kB
dist/assets/index-BNqlm19c.js                           0.64 kB │ gzip:   0.51 kB
dist/assets/MinusOutlined-_V2amPgO.js                   0.74 kB │ gzip:   0.51 kB
dist/assets/PlusOutlined-CGQ1r96T.js                    0.79 kB │ gzip:   0.53 kB
dist/assets/platformDomainService-CKN9wdZe.js           0.80 kB │ gzip:   0.45 kB
dist/assets/ArrowRightOutlined-C4qft3ai.js              0.88 kB │ gzip:   0.61 kB
dist/assets/FilterOutlined-20Klnvsw.js                  0.96 kB │ gzip:   0.66 kB
dist/assets/DeleteOutlined-Dk6aLqsf.js                  0.99 kB │ gzip:   0.65 kB
dist/assets/mock-CNU-mT6E.js                            1.00 kB │ gzip:   0.66 kB
dist/assets/PlayCircleOutlined-BBHhcEOG.js              1.00 kB │ gzip:   0.64 kB
dist/assets/ClockCircleOutlined-LzBXNsdj.js             1.02 kB │ gzip:   0.65 kB
dist/assets/CopyOutlined-DnexzZxT.js                    1.02 kB │ gzip:   0.68 kB
dist/assets/CheckCircleOutlined-DJ4_sIQG.js             1.04 kB │ gzip:   0.67 kB
dist/assets/SaveOutlined-DJh5UP_l.js                    1.08 kB │ gzip:   0.69 kB
dist/assets/ExpandOutlined-CuEAeDw4.js                  1.17 kB │ gzip:   0.64 kB
dist/assets/LinkOutlined-WbEQfe_c.js                    1.34 kB │ gzip:   0.72 kB
dist/assets/FullscreenOutlined-CROh6P3l.js              1.45 kB │ gzip:   0.83 kB
dist/assets/EnvironmentOutlined-CzL7Rwea.js             1.60 kB │ gzip:   0.98 kB
dist/assets/ApiOutlined-8NdV01kI.js                     1.71 kB │ gzip:   0.93 kB
dist/assets/CSSMotionList-Eifzljxq.js                   2.33 kB │ gzip:   1.16 kB
dist/assets/UndoOutlined-BJlzYjFF.js                    2.60 kB │ gzip:   1.09 kB
dist/assets/tslib.es6-DSA1XAhs.js                       2.96 kB │ gzip:   1.31 kB
dist/assets/index-Dsc5Ocbb.js                           3.47 kB │ gzip:   1.54 kB
dist/assets/knowledgeService-CaE58Kdr.js                3.66 kB │ gzip:   1.90 kB
dist/assets/ProfessionalTable-DDiqINtV.js               3.96 kB │ gzip:   2.23 kB
dist/assets/index-BZ70gqcG.js                           4.21 kB │ gzip:   1.94 kB
dist/assets/ApiSecurityPages-CXTEknON.js                4.38 kB │ gzip:   1.74 kB
dist/assets/index-CmmgxBtT.js                           4.50 kB │ gzip:   1.42 kB
dist/assets/GraphCanvas-OaZikRNS.js                     4.63 kB │ gzip:   2.15 kB
dist/assets/useForm-XdVCJl_u.js                         4.87 kB │ gzip:   2.21 kB
dist/assets/index-aZDQPcB0.js                           6.32 kB │ gzip:   2.66 kB
dist/assets/Timeline-BVIbz7aF.js                        6.61 kB │ gzip:   2.52 kB
dist/assets/ResourceModelDesignerApiPage-ClYCZBjE.js    6.65 kB │ gzip:   2.83 kB
dist/assets/InferencePage-DkQtMK9H.js                   7.04 kB │ gzip:   3.19 kB
dist/assets/GraphQueryPage-DZTguBn6.js                  7.05 kB │ gzip:   2.92 kB
dist/assets/SearchP0Pages-ChawHD5r.js                   7.07 kB │ gzip:   2.67 kB
dist/assets/OverviewPage-D6Pbq4I-.js                    7.21 kB │ gzip:   2.91 kB
dist/assets/CentralityPage-CZH2R4Jn.js                  7.26 kB │ gzip:   3.44 kB
dist/assets/index-ComJAEPN.js                           7.51 kB │ gzip:   2.58 kB
dist/assets/securityService-Be22OBIF.js                 8.18 kB │ gzip:   3.09 kB
dist/assets/assetService-BVPgVM0Q.js                    8.30 kB │ gzip:   3.26 kB
dist/assets/ProfilePage-Bk9VSbYp.js                     8.32 kB │ gzip:   3.59 kB
dist/assets/index-Vv-yrwye.js                           9.26 kB │ gzip:   3.60 kB
dist/assets/index-CT4WmJb-.js                           9.29 kB │ gzip:   3.26 kB
dist/assets/departmentWorkbenchService-CxJyrHK8.js     10.22 kB │ gzip:   4.37 kB
dist/assets/CatalogPages-C4F7oRVk.js                   11.43 kB │ gzip:   4.30 kB
dist/assets/SecurityP0Pages-CMxVCLNc.js                11.72 kB │ gzip:   4.32 kB
dist/assets/SecurityWorkflowPages-Cie1iQ-4.js          13.52 kB │ gzip:   4.77 kB
dist/assets/Drawer-C8ohUKKC.js                         14.43 kB │ gzip:   5.59 kB
dist/assets/progress-Bh5Org0H.js                       14.95 kB │ gzip:   5.76 kB
dist/assets/DataServicePages-BFCeLrJq.js               18.61 kB │ gzip:   6.51 kB
dist/assets/DepartmentWorkbenchPages-DR86b2Gr.js       18.98 kB │ gzip:   6.45 kB
dist/assets/WarehousePlanningPage-CdRSTo9h.js          21.00 kB │ gzip:   7.98 kB
dist/assets/index-CzmeVnZ2.js                          21.04 kB │ gzip:   7.65 kB
dist/assets/index-qp6drt_g.js                          21.17 kB │ gzip:   8.00 kB
dist/assets/AIPlatformPages-BaJmOuHh.js                24.38 kB │ gzip:   9.33 kB
dist/assets/VisualizationPages-DrXmE7DH.js             24.79 kB │ gzip:   8.95 kB
dist/assets/index-2b52_udo.js                          26.44 kB │ gzip:   9.71 kB
dist/assets/SecurityCenterPages-yGKuO4hV.js            29.29 kB │ gzip:   8.51 kB
dist/assets/index-CEzDkqjF.js                          30.00 kB │ gzip:   8.61 kB
dist/assets/AssetCenterPages-B4hxWhFu.js               30.93 kB │ gzip:  10.38 kB
dist/assets/index-BaB7a5Gn.js                          35.03 kB │ gzip:  11.19 kB
dist/assets/OperationsPlatformPages-BGy7_ZO_.js        37.88 kB │ gzip:  12.39 kB
dist/assets/SecurityAuditPages-BA_WhsBf.js             38.79 kB │ gzip:  12.07 kB
dist/assets/ComputeCenterPages-BwHzW3zn.js             47.21 kB │ gzip:  16.43 kB
dist/assets/ApiCenterListPage-Ch4O6MA5.js              48.53 kB │ gzip:  14.25 kB
dist/assets/ResourceCenterPages-CHHalR5c.js            52.28 kB │ gzip:  17.18 kB
dist/assets/Table-CY99P1AC.js                         161.37 kB │ gzip:  52.43 kB
dist/assets/SearchCenterPages-fIiO0PaA.js             221.55 kB │ gzip:  68.86 kB
dist/assets/index-B6feODiu.js                         584.53 kB │ gzip: 168.39 kB
dist/assets/index.esm-BDSFSfUL.js                     680.51 kB │ gzip: 190.34 kB
dist/assets/preset-BJZAQh34.js                        727.65 kB │ gzip: 217.90 kB
dist/assets/makeChartComp-DA8r1nvS.js                 777.86 kB │ gzip: 241.02 kB
dist/assets/index-vp-A4wwH.js                         909.89 kB │ gzip: 289.09 kB

(!) Some chunks are larger than 500 kB after minification. Consider:
- Using dynamic import() to code-split the application
- Use build.rollupOptions.output.manualChunks to improve chunking: https://rollupjs.org/configuration-options/#output-manualchunks
- Adjust chunk size limit for this warning via build.chunkSizeWarningLimit.
✓ built in 43.89s
