
> data-elements-wanxiang@2.1.0 build
> tsc --noEmit && vite build

vite v8.0.0 building client environment for production...
[2K
transforming...✓ 6724 modules transformed.
rendering chunks...
computing gzip size...
dist/index.html                                           3.32 kB │ gzip:   1.12 kB
dist/assets/mysql-BgdkURAH.svg                            4.76 kB │ gzip:   2.32 kB
dist/assets/sqlserver-DnpNXMVL.svg                        5.80 kB │ gzip:   2.01 kB
dist/assets/postgresql-DcWVTdPq.svg                      16.39 kB │ gzip:   6.27 kB
dist/assets/hive-lBq_h3BP.svg                            19.25 kB │ gzip:   5.37 kB
dist/assets/layout.worker-BTYSGY5F.js                 1,414.16 kB
dist/assets/WarehousePlanningPage-ySDIRX6A.css           12.80 kB │ gzip:   3.10 kB
dist/assets/SearchCenterPages-Ds4Udj8m.css               15.12 kB │ gzip:   6.36 kB
dist/assets/index-DZl6LOIR.css                          308.63 kB │ gzip:  54.79 kB
dist/assets/bar-CJlRLsUf.js                               0.07 kB │ gzip:   0.08 kB
dist/assets/area-BF__q6ui.js                              0.07 kB │ gzip:   0.09 kB
dist/assets/MinusOutlined-BFexoSIa.js                     0.24 kB │ gzip:   0.20 kB
dist/assets/PlusOutlined-Bymv38Mg.js                      0.29 kB │ gzip:   0.22 kB
dist/assets/brands-D5x1slZq.js                            0.36 kB │ gzip:   0.33 kB
dist/assets/EyeOutlined-DY_ziwko.js                       0.46 kB │ gzip:   0.32 kB
dist/assets/EllipsisOutlined-Bcaq7n8v.js                  0.46 kB │ gzip:   0.32 kB
dist/assets/CheckCircleFilled-Dv2L3vY1.js                 0.46 kB │ gzip:   0.32 kB
dist/assets/CloseOutlined-C9wg8F9p.js                     0.46 kB │ gzip:   0.32 kB
dist/assets/PlusOutlined-CJ7Pfkmw.js                      0.47 kB │ gzip:   0.33 kB
dist/assets/broadcast-JWJ4fEjd.js                         0.58 kB │ gzip:   0.45 kB
dist/assets/public-security-qK_uMOfv.js                   0.63 kB │ gzip:   0.50 kB
dist/assets/marine-fishery-Ci9pmYW2.js                    0.64 kB │ gzip:   0.50 kB
dist/assets/react-BXsQVTnO.js                             0.64 kB │ gzip:   0.39 kB
dist/assets/QuestionCircleOutlined-BEpzd6CN.js            0.78 kB │ gzip:   0.45 kB
dist/assets/platformDomainService-cTf6-zUx.js             0.78 kB │ gzip:   0.44 kB
dist/assets/ArrowRightOutlined-j6RR2D1U.js                0.78 kB │ gzip:   0.55 kB
dist/assets/InfoCircleFilled-Cc_aIsIf.js                  0.78 kB │ gzip:   0.53 kB
dist/assets/ExclamationCircleFilled-B0IbIWjX.js           0.79 kB │ gzip:   0.53 kB
dist/assets/FilterOutlined-x7GMT0a5.js                    0.80 kB │ gzip:   0.57 kB
dist/assets/CheckCircleFilled-D2aZZctJ.js                 0.84 kB │ gzip:   0.57 kB
dist/assets/DatabaseOutlined-wyS29Q7o.js                  0.85 kB │ gzip:   0.53 kB
dist/assets/TableOutlined-XQK6hpAt.js                     0.88 kB │ gzip:   0.57 kB
dist/assets/DeleteOutlined-CwnZWFgO.js                    0.89 kB │ gzip:   0.60 kB
dist/assets/PlayCircleOutlined-BA6wWhga.js                0.91 kB │ gzip:   0.58 kB
dist/assets/ClockCircleOutlined-CQXyWd--.js               0.92 kB │ gzip:   0.59 kB
dist/assets/CopyOutlined-VEc2mvC6.js                      0.93 kB │ gzip:   0.62 kB
dist/assets/CheckCircleOutlined-CQtoYPtI.js               0.94 kB │ gzip:   0.61 kB
dist/assets/mock-BZSZOOXa.js                              0.99 kB │ gzip:   0.64 kB
dist/assets/AppstoreOutlined-DVm6Rij1.js                  1.06 kB │ gzip:   0.52 kB
dist/assets/useClosable-mE8jqxTW.js                       1.13 kB │ gzip:   0.60 kB
dist/assets/preload-helper-D0MDUw1L.js                    1.20 kB │ gzip:   0.68 kB
dist/assets/ReloadOutlined-B8_e3DKe.js                    1.24 kB │ gzip:   0.77 kB
dist/assets/FullscreenOutlined--LKVfv2L.js                1.35 kB │ gzip:   0.77 kB
dist/assets/modal-BvBWsaKb.js                             1.40 kB │ gzip:   0.76 kB
dist/assets/EnvironmentOutlined-Di1sKh-l.js               1.50 kB │ gzip:   0.91 kB
dist/assets/ApiOutlined-DTjZ1KQT.js                       1.62 kB │ gzip:   0.87 kB
dist/assets/style-CO6k4BR_.js                             1.97 kB │ gzip:   0.83 kB
dist/assets/UndoOutlined-CsbSns-J.js                      2.36 kB │ gzip:   0.99 kB
dist/assets/grid-tBEbedRI.js                              2.49 kB │ gzip:   1.29 kB
dist/assets/platformSession-DkZ4Aedq.js                   2.54 kB │ gzip:   1.16 kB
dist/assets/EllipsisOutlined-Bou5ya5O.js                  2.66 kB │ gzip:   1.22 kB
dist/assets/message-B5fcSrL-.js                           2.74 kB │ gzip:   1.31 kB
dist/assets/tslib.es6-BSZoIdiS.js                         2.93 kB │ gzip:   1.27 kB
dist/assets/ProfessionalTable-nC1lorQC.js                 3.35 kB │ gzip:   1.80 kB
dist/assets/popconfirm-3zsxMBtd.js                        3.59 kB │ gzip:   1.59 kB
dist/assets/knowledgeService-DQkP8KFK.js                  3.64 kB │ gzip:   1.88 kB
dist/assets/AntdIcon-wmrKPRiD.js                          3.88 kB │ gzip:   1.71 kB
dist/assets/useNotification-o__T50kf.js                   3.98 kB │ gzip:   1.88 kB
dist/assets/statistic-ozGRYHuK.js                         4.19 kB │ gzip:   1.92 kB
dist/assets/domain-BQ6p-RMK.js                            4.49 kB │ gzip:   1.42 kB
dist/assets/ApiSecurityPages-Bw_O6ErV.js                  4.62 kB │ gzip:   1.80 kB
dist/assets/DynamicCenterOverview-BnPv-J0i.js             4.91 kB │ gzip:   2.06 kB
dist/assets/GraphCanvas-Dv3W4CHo.js                       5.13 kB │ gzip:   2.35 kB
dist/assets/timeline-haRPV6wT.js                          6.62 kB │ gzip:   2.52 kB
dist/assets/InferencePage-nlSjsaav.js                     6.99 kB │ gzip:   3.07 kB
dist/assets/ResourceModelDesignerApiPage-BsSGYxMz.js      7.00 kB │ gzip:   2.89 kB
dist/assets/CentralityPage-VcCie5yw.js                    7.16 kB │ gzip:   3.28 kB
dist/assets/SearchP0Pages-3PevcybZ.js                     7.45 kB │ gzip:   2.73 kB
dist/assets/switch-CQy4SSmf.js                            7.49 kB │ gzip:   2.61 kB
dist/assets/GovernanceModelsPage-DzZUfRst.js              7.66 kB │ gzip:   3.43 kB
dist/assets/GraphQueryPage-9EZeRNt5.js                    7.72 kB │ gzip:   3.10 kB
dist/assets/OverviewPage-D4u0nImX.js                      7.81 kB │ gzip:   3.05 kB
dist/assets/SecurityCenterPages-CdmnNMQk.js               8.15 kB │ gzip:   2.98 kB
dist/assets/securityService-B3tZc98L.js                   8.17 kB │ gzip:   3.08 kB
dist/assets/assetService-BpxTs0Mh.js                      8.22 kB │ gzip:   3.19 kB
dist/assets/ProfilePage-DUNkihIC.js                       8.36 kB │ gzip:   3.45 kB
dist/assets/ProfessionalTable-CoNo1N5r.js                 8.65 kB │ gzip:   3.91 kB
dist/assets/segmented-D4Go1AMN.js                         9.21 kB │ gzip:   3.53 kB
dist/assets/departmentWorkbenchService-C4Yk-jV0.js       10.07 kB │ gzip:   4.27 kB
dist/assets/context-DK2ncvw2.js                          10.17 kB │ gzip:   3.59 kB
dist/assets/ApiErrorState-BEtF-uHg.js                    10.68 kB │ gzip:   3.94 kB
dist/assets/timer-btCaXgYw.js                            11.06 kB │ gzip:   4.78 kB
dist/assets/metadataApi-CE45HaE8.js                      11.21 kB │ gzip:   4.28 kB
dist/assets/AssetResourcePages-BA8nyHPw.js               11.38 kB │ gzip:   3.70 kB
dist/assets/CatalogPages-CDHWU0im.js                     11.87 kB │ gzip:   4.30 kB
dist/assets/react-dom-CyQ19aI9.js                        12.29 kB │ gzip:   4.34 kB
dist/assets/SecurityP0Pages-uJPcWcP3.js                  12.30 kB │ gzip:   4.31 kB
dist/assets/SecurityWorkflowPages-DGzvtNjK.js            14.21 kB │ gzip:   4.72 kB
dist/assets/drawer-B3kB-xRu.js                           14.39 kB │ gzip:   5.55 kB
dist/assets/progress-Dt6Kfeqn.js                         14.80 kB │ gzip:   5.71 kB
dist/assets/DepartmentWorkbenchPages-BEefqAOS.js         19.84 kB │ gzip:   6.45 kB
dist/assets/input-number-DOIOHH39.js                     20.43 kB │ gzip:   7.42 kB
dist/assets/form-wvpodrhc.js                             21.36 kB │ gzip:   8.06 kB
dist/assets/WarehousePlanningPage-BMHxoh5q.js            21.99 kB │ gzip:   8.07 kB
dist/assets/context-CiAOddrB.js                          23.68 kB │ gzip:   8.65 kB
dist/assets/AIPlatformPages-7H6KYE8l.js                  25.50 kB │ gzip:   9.45 kB
dist/assets/useModal-cw4odkak.js                         25.72 kB │ gzip:   8.91 kB
dist/assets/VisualizationPages-1Xy_9k_P.js               25.98 kB │ gzip:   8.93 kB
dist/assets/steps-BGVoPImK.js                            29.82 kB │ gzip:   8.52 kB
dist/assets/DataServicePages-6p4O6LSq.js                 31.56 kB │ gzip:   9.13 kB
dist/assets/tabs-CzlpgxRx.js                             34.87 kB │ gzip:  10.90 kB
dist/assets/SecurityAuditPages-Dh_MUwiU.js               39.13 kB │ gzip:  11.80 kB
dist/assets/AssetCenterPages-BOOG1s1X.js                 43.44 kB │ gzip:  12.78 kB
dist/assets/ApiCenterListPage-DZyFwOqn.js                45.23 kB │ gzip:  12.73 kB
dist/assets/ComputeCenterPages-Ch2AahNZ.js               48.11 kB │ gzip:  16.17 kB
dist/assets/OperationsPlatformPages-CUQ4MsAG.js          48.17 kB │ gzip:  14.29 kB
dist/assets/ResourceCenterPages-C9RyAwXt.js              67.61 kB │ gzip:  19.99 kB
dist/assets/App-2OdL07b5.js                              94.27 kB │ gzip:  29.26 kB
dist/assets/GovernanceCenterPages-DGq1KnUh.js           136.07 kB │ gzip:  44.78 kB
dist/assets/table-D5VmU3pP.js                           162.91 kB │ gzip:  51.95 kB
dist/assets/esm-Ba91ABxj.js                             167.63 kB │ gzip:  53.09 kB
dist/assets/client-CiC-kTQT.js                          207.47 kB │ gzip:  64.97 kB
dist/assets/CaretDownFilled-B0rHYIbS.js                 213.99 kB │ gzip:  65.56 kB
dist/assets/SearchCenterPages-BfLSEH96.js               216.07 kB │ gzip:  66.79 kB
dist/assets/jsx-runtime-BFytR5nk.js                     219.89 kB │ gzip:  77.69 kB
dist/assets/index-DShOwVLT.js                           509.04 kB │ gzip: 145.15 kB
dist/assets/es-DM-nhRdK.js                              573.37 kB │ gzip: 164.77 kB
dist/assets/index.esm-V_DvcJuJ.js                       683.67 kB │ gzip: 190.49 kB
dist/assets/esm-CTNF4s6d.js                             720.35 kB │ gzip: 212.16 kB
dist/assets/makeChartComp-_8D7DFN5.js                   761.41 kB │ gzip: 231.72 kB

✓ built in 5.84s
